PDFの最初の1000文字:
[
()
()
()
()


==================================================

パターン［科目名］で見つかった数: 0

JSONファイルのsubject_name:
  "憲法" -> 正規化: "憲法"
  "行政法" -> 正規化: "行政法"
